Analysis & Synthesis report for cpu_top
Fri Sep 25 19:07:34 2026
Quartus Prime Version 23.1std.0 Build 991 11/28/2023 SC Lite Edition


---------------------
; Table of Contents ;
---------------------
  1. Legal Notice
  2. Analysis & Synthesis Summary
  3. Analysis & Synthesis Settings
  4. Parallel Compilation
  5. Analysis & Synthesis Source Files Read
  6. Analysis & Synthesis Resource Usage Summary
  7. Analysis & Synthesis Resource Utilization by Entity
  8. General Register Statistics
  9. Multiplexer Restructuring Statistics (Restructuring Performed)
 10. Parameter Settings for User Entity Instance: dmem:u_dmem
 11. Post-Synthesis Netlist Statistics for Top Partition
 12. Elapsed Time Per Partition
 13. Analysis & Synthesis Messages



----------------
; Legal Notice ;
----------------
Copyright (C) 2023  Intel Corporation. All rights reserved.
Your use of Intel Corporation's design tools, logic functions 
and other software and tools, and any partner logic 
functions, and any output files from any of the foregoing 
(including device programming or simulation files), and any 
associated documentation or information are expressly subject 
to the terms and conditions of the Intel Program License 
Subscription Agreement, the Intel Quartus Prime License Agreement,
the Intel FPGA IP License Agreement, or other applicable license
agreement, including, without limitation, that your use is for
the sole purpose of programming logic devices manufactured by
Intel and sold by Intel or its authorized distributors.  Please
refer to the applicable agreement for further details, at
https://fpgasoftware.intel.com/eula.



+----------------------------------------------------------------------------------+
; Analysis & Synthesis Summary                                                     ;
+---------------------------------+------------------------------------------------+
; Analysis & Synthesis Status     ; Successful - Fri Sep 25 19:07:34 2026          ;
; Quartus Prime Version           ; 23.1std.0 Build 991 11/28/2023 SC Lite Edition ;
; Revision Name                   ; cpu_top                                        ;
; Top-level Entity Name           ; cpu_top                                        ;
; Family                          ; Cyclone V                                      ;
; Logic utilization (in ALMs)     ; N/A                                            ;
; Total registers                 ; 4256                                           ;
; Total pins                      ; 34                                             ;
; Total virtual pins              ; 0                                              ;
; Total block memory bits         ; 0                                              ;
; Total DSP Blocks                ; 0                                              ;
; Total HSSI RX PCSs              ; 0                                              ;
; Total HSSI PMA RX Deserializers ; 0                                              ;
; Total HSSI TX PCSs              ; 0                                              ;
; Total HSSI PMA TX Serializers   ; 0                                              ;
; Total PLLs                      ; 0                                              ;
; Total DLLs                      ; 0                                              ;
+---------------------------------+------------------------------------------------+


+---------------------------------------------------------------------------------------------------------------------------+
; Analysis & Synthesis Settings                                                                                             ;
+---------------------------------------------------------------------------------+--------------------+--------------------+
; Option                                                                          ; Setting            ; Default Value      ;
+---------------------------------------------------------------------------------+--------------------+--------------------+
; Device                                                                          ; 5CGXFC7C7F23C8     ;                    ;
; Top-level entity name                                                           ; cpu_top            ; cpu_top            ;
; Family name                                                                     ; Cyclone V          ; Cyclone V          ;
; Use smart compilation                                                           ; Off                ; Off                ;
; Enable parallel Assembler and Timing Analyzer during compilation                ; On                 ; On                 ;
; Enable compact report table                                                     ; Off                ; Off                ;
; Restructure Multiplexers                                                        ; Auto               ; Auto               ;
; MLAB Add Timing Constraints For Mixed-Port Feed-Through Mode Setting Don't Care ; Off                ; Off                ;
; Create Debugging Nodes for IP Cores                                             ; Off                ; Off                ;
; Preserve fewer node names                                                       ; On                 ; On                 ;
; Intel FPGA IP Evaluation Mode                                                   ; Enable             ; Enable             ;
; Verilog Version                                                                 ; Verilog_2001       ; Verilog_2001       ;
; VHDL Version                                                                    ; VHDL_1993          ; VHDL_1993          ;
; State Machine Processing                                                        ; Auto               ; Auto               ;
; Safe State Machine                                                              ; Off                ; Off                ;
; Extract Verilog State Machines                                                  ; On                 ; On                 ;
; Extract VHDL State Machines                                                     ; On                 ; On                 ;
; Ignore Verilog initial constructs                                               ; Off                ; Off                ;
; Iteration limit for constant Verilog loops                                      ; 5000               ; 5000               ;
; Iteration limit for non-constant Verilog loops                                  ; 250                ; 250                ;
; Add Pass-Through Logic to Inferred RAMs                                         ; On                 ; On                 ;
; Infer RAMs from Raw Logic                                                       ; On                 ; On                 ;
; Parallel Synthesis                                                              ; On                 ; On                 ;
; DSP Block Balancing                                                             ; Auto               ; Auto               ;
; NOT Gate Push-Back                                                              ; On                 ; On                 ;
; Power-Up Don't Care                                                             ; On                 ; On                 ;
; Remove Redundant Logic Cells                                                    ; Off                ; Off                ;
; Remove Duplicate Registers                                                      ; On                 ; On                 ;
; Ignore CARRY Buffers                                                            ; Off                ; Off                ;
; Ignore CASCADE Buffers                                                          ; Off                ; Off                ;
; Ignore GLOBAL Buffers                                                           ; Off                ; Off                ;
; Ignore ROW GLOBAL Buffers                                                       ; Off                ; Off                ;
; Ignore LCELL Buffers                                                            ; Off                ; Off                ;
; Ignore SOFT Buffers                                                             ; On                 ; On                 ;
; Limit AHDL Integers to 32 Bits                                                  ; Off                ; Off                ;
; Optimization Technique                                                          ; Balanced           ; Balanced           ;
; Carry Chain Length                                                              ; 70                 ; 70                 ;
; Auto Carry Chains                                                               ; On                 ; On                 ;
; Auto Open-Drain Pins                                                            ; On                 ; On                 ;
; Perform WYSIWYG Primitive Resynthesis                                           ; Off                ; Off                ;
; Auto ROM Replacement                                                            ; On                 ; On                 ;
; Auto RAM Replacement                                                            ; On                 ; On                 ;
; Auto DSP Block Replacement                                                      ; On                 ; On                 ;
; Auto Shift Register Replacement                                                 ; Auto               ; Auto               ;
; Allow Shift Register Merging across Hierarchies                                 ; Auto               ; Auto               ;
; Auto Clock Enable Replacement                                                   ; On                 ; On                 ;
; Strict RAM Replacement                                                          ; Off                ; Off                ;
; Allow Synchronous Control Signals                                               ; On                 ; On                 ;
; Force Use of Synchronous Clear Signals                                          ; Off                ; Off                ;
; Auto Resource Sharing                                                           ; Off                ; Off                ;
; Allow Any RAM Size For Recognition                                              ; Off                ; Off                ;
; Allow Any ROM Size For Recognition                                              ; Off                ; Off                ;
; Allow Any Shift Register Size For Recognition                                   ; Off                ; Off                ;
; Use LogicLock Constraints during Resource Balancing                             ; On                 ; On                 ;
; Ignore translate_off and synthesis_off directives                               ; Off                ; Off                ;
; Timing-Driven Synthesis                                                         ; On                 ; On                 ;
; Report Parameter Settings                                                       ; On                 ; On                 ;
; Report Source Assignments                                                       ; On                 ; On                 ;
; Report Connectivity Checks                                                      ; On                 ; On                 ;
; Ignore Maximum Fan-Out Assignments                                              ; Off                ; Off                ;
; Synchronization Register Chain Length                                           ; 3                  ; 3                  ;
; Power Optimization During Synthesis                                             ; Normal compilation ; Normal compilation ;
; HDL message level                                                               ; Level2             ; Level2             ;
; Suppress Register Optimization Related Messages                                 ; Off                ; Off                ;
; Number of Removed Registers Reported in Synthesis Report                        ; 5000               ; 5000               ;
; Number of Swept Nodes Reported in Synthesis Report                              ; 5000               ; 5000               ;
; Number of Inverted Registers Reported in Synthesis Report                       ; 100                ; 100                ;
; Clock MUX Protection                                                            ; On                 ; On                 ;
; Auto Gated Clock Conversion                                                     ; Off                ; Off                ;
; Block Design Naming                                                             ; Auto               ; Auto               ;
; SDC constraint protection                                                       ; Off                ; Off                ;
; Synthesis Effort                                                                ; Auto               ; Auto               ;
; Shift Register Replacement - Allow Asynchronous Clear Signal                    ; On                 ; On                 ;
; Pre-Mapping Resynthesis Optimization                                            ; Off                ; Off                ;
; Analysis & Synthesis Message Level                                              ; Medium             ; Medium             ;
; Disable Register Merging Across Hierarchies                                     ; Auto               ; Auto               ;
; Resource Aware Inference For Block RAM                                          ; On                 ; On                 ;
; Automatic Parallel Synthesis                                                    ; On                 ; On                 ;
; Partial Reconfiguration Bitstream ID                                            ; Off                ; Off                ;
+---------------------------------------------------------------------------------+--------------------+--------------------+


+------------------------------------------+
; Parallel Compilation                     ;
+----------------------------+-------------+
; Processors                 ; Number      ;
+----------------------------+-------------+
; Number detected on machine ; 18          ;
; Maximum allowed            ; 14          ;
;                            ;             ;
; Average used               ; 1.01        ;
; Maximum used               ; 14          ;
;                            ;             ;
; Usage by Processor         ; % Time Used ;
;     Processor 1            ; 100.0%      ;
;     Processor 2            ;   0.2%      ;
;     Processor 3            ;   0.1%      ;
;     Processor 4            ;   0.1%      ;
;     Processor 5            ;   0.1%      ;
;     Processor 6            ;   0.0%      ;
;     Processor 7            ;   0.0%      ;
;     Processor 8            ;   0.0%      ;
;     Processor 9            ;   0.0%      ;
;     Processor 10           ;   0.0%      ;
;     Processor 11           ;   0.0%      ;
;     Processor 12           ;   0.0%      ;
;     Processor 13           ;   0.0%      ;
;     Processor 14           ;   0.0%      ;
+----------------------------+-------------+


+------------------------------------------------------------------------------------------------------------------------------------------------------------+
; Analysis & Synthesis Source Files Read                                                                                                                     ;
+----------------------------------+-----------------+------------------------------+--------------------------------------------------------------+---------+
; File Name with User-Entered Path ; Used in Netlist ; File Type                    ; File Name with Absolute Path                                 ; Library ;
+----------------------------------+-----------------+------------------------------+--------------------------------------------------------------+---------+
; reg_file.sv                      ; yes             ; User SystemVerilog HDL File  ; /home/ishaan/Projects/minor/minor-degree/rtl/reg_file.sv     ;         ;
; fetch.sv                         ; yes             ; User SystemVerilog HDL File  ; /home/ishaan/Projects/minor/minor-degree/rtl/fetch.sv        ;         ;
; extend.sv                        ; yes             ; User SystemVerilog HDL File  ; /home/ishaan/Projects/minor/minor-degree/rtl/extend.sv       ;         ;
; dmem.sv                          ; yes             ; User SystemVerilog HDL File  ; /home/ishaan/Projects/minor/minor-degree/rtl/dmem.sv         ;         ;
; cpu_top.sv                       ; yes             ; User SystemVerilog HDL File  ; /home/ishaan/Projects/minor/minor-degree/rtl/cpu_top.sv      ;         ;
; cpu_pkg.sv                       ; yes             ; User SystemVerilog HDL File  ; /home/ishaan/Projects/minor/minor-degree/rtl/cpu_pkg.sv      ;         ;
; control_unit.sv                  ; yes             ; User SystemVerilog HDL File  ; /home/ishaan/Projects/minor/minor-degree/rtl/control_unit.sv ;         ;
; alu.sv                           ; yes             ; User SystemVerilog HDL File  ; /home/ishaan/Projects/minor/minor-degree/rtl/alu.sv          ;         ;
+----------------------------------+-----------------+------------------------------+--------------------------------------------------------------+---------+


+---------------------------------------------------------+
; Analysis & Synthesis Resource Usage Summary             ;
+---------------------------------------------+-----------+
; Resource                                    ; Usage     ;
+---------------------------------------------+-----------+
; Estimate of Logic utilization (ALMs needed) ; 3015      ;
;                                             ;           ;
; Combinational ALUT usage for logic          ; 2000      ;
;     -- 7 input functions                    ; 66        ;
;     -- 6 input functions                    ; 1516      ;
;     -- 5 input functions                    ; 45        ;
;     -- 4 input functions                    ; 49        ;
;     -- <=3 input functions                  ; 324       ;
;                                             ;           ;
; Dedicated logic registers                   ; 4256      ;
;                                             ;           ;
; I/O pins                                    ; 34        ;
;                                             ;           ;
; Total DSP Blocks                            ; 0         ;
;                                             ;           ;
; Maximum fan-out node                        ; clk~input ;
; Maximum fan-out                             ; 4256      ;
; Total fan-out                               ; 23520     ;
; Average fan-out                             ; 3.72      ;
+---------------------------------------------+-----------+


+-----------------------------------------------------------------------------------------------------------------------------------------------------------------------------------------------+
; Analysis & Synthesis Resource Utilization by Entity                                                                                                                                           ;
+----------------------------+---------------------+---------------------------+-------------------+------------+------+--------------+----------------------------+-------------+--------------+
; Compilation Hierarchy Node ; Combinational ALUTs ; Dedicated Logic Registers ; Block Memory Bits ; DSP Blocks ; Pins ; Virtual Pins ; Full Hierarchy Name        ; Entity Name ; Library Name ;
+----------------------------+---------------------+---------------------------+-------------------+------------+------+--------------+----------------------------+-------------+--------------+
; |cpu_top                   ; 2000 (28)           ; 4256 (0)                  ; 0                 ; 0          ; 34   ; 0            ; |cpu_top                   ; cpu_top     ; work         ;
;    |alu:u_alu|             ; 178 (178)           ; 0 (0)                     ; 0                 ; 0          ; 0    ; 0            ; |cpu_top|alu:u_alu         ; alu         ; work         ;
;    |control:u_control|     ; 7 (7)               ; 0 (0)                     ; 0                 ; 0          ; 0    ; 0            ; |cpu_top|control:u_control ; control     ; work         ;
;    |dmem:u_dmem|           ; 1682 (1682)         ; 4096 (4096)               ; 0                 ; 0          ; 0    ; 0            ; |cpu_top|dmem:u_dmem       ; dmem        ; work         ;
;    |fetch:u_fetch|         ; 33 (33)             ; 32 (32)                   ; 0                 ; 0          ; 0    ; 0            ; |cpu_top|fetch:u_fetch     ; fetch       ; work         ;
;    |regfile:u_regfile|     ; 72 (72)             ; 128 (128)                 ; 0                 ; 0          ; 0    ; 0            ; |cpu_top|regfile:u_regfile ; regfile     ; work         ;
+----------------------------+---------------------+---------------------------+-------------------+------------+------+--------------+----------------------------+-------------+--------------+
Note: For table entries with two numbers listed, the numbers in parentheses indicate the number of resources of the given type used by the specific entity alone. The numbers listed outside of parentheses indicate the total resources of the given type used by the specific entity and all of its sub-entities in the hierarchy.


+------------------------------------------------------+
; General Register Statistics                          ;
+----------------------------------------------+-------+
; Statistic                                    ; Value ;
+----------------------------------------------+-------+
; Total registers                              ; 4256  ;
; Number of registers using Synchronous Clear  ; 0     ;
; Number of registers using Synchronous Load   ; 0     ;
; Number of registers using Asynchronous Clear ; 32    ;
; Number of registers using Asynchronous Load  ; 0     ;
; Number of registers using Clock Enable       ; 4240  ;
; Number of registers using Preset             ; 0     ;
+----------------------------------------------+-------+


+----------------------------------------------------------------------------------------------------------------------------------------------+
; Multiplexer Restructuring Statistics (Restructuring Performed)                                                                               ;
+--------------------+-----------+---------------+----------------------+------------------------+------------+--------------------------------+
; Multiplexer Inputs ; Bus Width ; Baseline Area ; Area if Restructured ; Saving if Restructured ; Registered ; Example Multiplexer Output     ;
+--------------------+-----------+---------------+----------------------+------------------------+------------+--------------------------------+
; 3:1                ; 16 bits   ; 32 LEs        ; 32 LEs               ; 0 LEs                  ; Yes        ; |cpu_top|fetch:u_fetch|pc[14]  ;
; 4:1                ; 2 bits    ; 4 LEs         ; 4 LEs                ; 0 LEs                  ; No         ; |cpu_top|alu:u_alu|ShiftLeft0  ;
; 4:1                ; 2 bits    ; 4 LEs         ; 4 LEs                ; 0 LEs                  ; No         ; |cpu_top|alu:u_alu|ShiftRight0 ;
; 4:1                ; 18 bits   ; 36 LEs        ; 36 LEs               ; 0 LEs                  ; No         ; |cpu_top|alu:u_alu|ShiftRight0 ;
; 11:1               ; 16 bits   ; 112 LEs       ; 80 LEs               ; 32 LEs                 ; No         ; |cpu_top|alu:u_alu|Add0        ;
; 11:1               ; 16 bits   ; 112 LEs       ; 96 LEs               ; 16 LEs                 ; No         ; |cpu_top|alu:u_alu|Add0        ;
; 17:1               ; 4 bits    ; 44 LEs        ; 32 LEs               ; 12 LEs                 ; No         ; |cpu_top|alu:u_alu|Selector6   ;
; 17:1               ; 4 bits    ; 44 LEs        ; 32 LEs               ; 12 LEs                 ; No         ; |cpu_top|alu:u_alu|Selector8   ;
; 18:1               ; 4 bits    ; 48 LEs        ; 40 LEs               ; 8 LEs                  ; No         ; |cpu_top|alu:u_alu|Selector12  ;
; 18:1               ; 4 bits    ; 48 LEs        ; 40 LEs               ; 8 LEs                  ; No         ; |cpu_top|alu:u_alu|Selector3   ;
+--------------------+-----------+---------------+----------------------+------------------------+------------+--------------------------------+


+----------------------------------------------------------+
; Parameter Settings for User Entity Instance: dmem:u_dmem ;
+----------------+-------+---------------------------------+
; Parameter Name ; Value ; Type                            ;
+----------------+-------+---------------------------------+
; depth          ; 256   ; Signed Integer                  ;
+----------------+-------+---------------------------------+
Note: In order to hide this table in the UI and the text report file, please set the "Show Parameter Settings in Synthesis Report" option in "Analysis and Synthesis Settings -> More Settings" to "Off".


+-----------------------------------------------------+
; Post-Synthesis Netlist Statistics for Top Partition ;
+-----------------------+-----------------------------+
; Type                  ; Count                       ;
+-----------------------+-----------------------------+
; arriav_ff             ; 4256                        ;
;     CLR               ; 16                          ;
;     ENA               ; 4224                        ;
;     ENA CLR           ; 16                          ;
; arriav_lcell_comb     ; 2000                        ;
;     arith             ; 33                          ;
;         1 data inputs ; 17                          ;
;         5 data inputs ; 16                          ;
;     extend            ; 66                          ;
;         7 data inputs ; 66                          ;
;     normal            ; 1901                        ;
;         2 data inputs ; 262                         ;
;         3 data inputs ; 45                          ;
;         4 data inputs ; 49                          ;
;         5 data inputs ; 29                          ;
;         6 data inputs ; 1516                        ;
; boundary_port         ; 34                          ;
;                       ;                             ;
; Max LUT depth         ; 11.00                       ;
; Average LUT depth     ; 6.63                        ;
+-----------------------+-----------------------------+


+-------------------------------+
; Elapsed Time Per Partition    ;
+----------------+--------------+
; Partition Name ; Elapsed Time ;
+----------------+--------------+
; Top            ; 00:00:06     ;
+----------------+--------------+


+-------------------------------+
; Analysis & Synthesis Messages ;
+-------------------------------+
Info: *******************************************************************
Info: Running Quartus Prime Analysis & Synthesis
    Info: Version 23.1std.0 Build 991 11/28/2023 SC Lite Edition
    Info: Processing started: Fri Sep 25 19:07:23 2026
Info: Command: quartus_map --read_settings_files=on --write_settings_files=off cpu_top -c cpu_top
Warning (18236): Number of processors has not been specified which may cause overloading on shared machines.  Set the global assignment NUM_PARALLEL_PROCESSORS in your QSF to an appropriate value for best performance.
Info (20030): Parallel compilation is enabled and will use 14 of the 14 processors detected
Info (12021): Found 1 design units, including 1 entities, in source file reg_file.sv
    Info (12023): Found entity 1: regfile File: /home/ishaan/Projects/minor/minor-degree/rtl/reg_file.sv Line: 1
Info (12021): Found 1 design units, including 1 entities, in source file fetch.sv
    Info (12023): Found entity 1: fetch File: /home/ishaan/Projects/minor/minor-degree/rtl/fetch.sv Line: 1
Info (12021): Found 1 design units, including 1 entities, in source file extend.sv
    Info (12023): Found entity 1: extend File: /home/ishaan/Projects/minor/minor-degree/rtl/extend.sv Line: 1
Info (12021): Found 1 design units, including 1 entities, in source file dmem.sv
    Info (12023): Found entity 1: dmem File: /home/ishaan/Projects/minor/minor-degree/rtl/dmem.sv Line: 1
Info (12021): Found 1 design units, including 1 entities, in source file cpu_top.sv
    Info (12023): Found entity 1: cpu_top File: /home/ishaan/Projects/minor/minor-degree/rtl/cpu_top.sv Line: 3
Info (12021): Found 1 design units, including 0 entities, in source file cpu_pkg.sv
    Info (12022): Found design unit 1: cpu_pkg (SystemVerilog) File: /home/ishaan/Projects/minor/minor-degree/rtl/cpu_pkg.sv Line: 1
Info (12021): Found 1 design units, including 1 entities, in source file control_unit.sv
    Info (12023): Found entity 1: control File: /home/ishaan/Projects/minor/minor-degree/rtl/control_unit.sv Line: 3
Info (12021): Found 1 design units, including 1 entities, in source file alu.sv
    Info (12023): Found entity 1: alu File: /home/ishaan/Projects/minor/minor-degree/rtl/alu.sv Line: 3
Info (12127): Elaborating entity "cpu_top" for the top level hierarchy
Info (12128): Elaborating entity "control" for hierarchy "control:u_control" File: /home/ishaan/Projects/minor/minor-degree/rtl/cpu_top.sv Line: 68
Info (12128): Elaborating entity "fetch" for hierarchy "fetch:u_fetch" File: /home/ishaan/Projects/minor/minor-degree/rtl/cpu_top.sv Line: 78
Warning (10230): Verilog HDL assignment warning at fetch.sv(20): truncated value with size 32 to match size of target (16) File: /home/ishaan/Projects/minor/minor-degree/rtl/fetch.sv Line: 20
Warning (10230): Verilog HDL assignment warning at fetch.sv(31): truncated value with size 32 to match size of target (16) File: /home/ishaan/Projects/minor/minor-degree/rtl/fetch.sv Line: 31
Info (12128): Elaborating entity "regfile" for hierarchy "regfile:u_regfile" File: /home/ishaan/Projects/minor/minor-degree/rtl/cpu_top.sv Line: 89
Info (12128): Elaborating entity "extend" for hierarchy "extend:u_extend" File: /home/ishaan/Projects/minor/minor-degree/rtl/cpu_top.sv Line: 95
Warning (10036): Verilog HDL or VHDL warning at extend.sv(7): object "sign_bit" assigned a value but never read File: /home/ishaan/Projects/minor/minor-degree/rtl/extend.sv Line: 7
Info (12128): Elaborating entity "alu" for hierarchy "alu:u_alu" File: /home/ishaan/Projects/minor/minor-degree/rtl/cpu_top.sv Line: 103
Info (12128): Elaborating entity "dmem" for hierarchy "dmem:u_dmem" File: /home/ishaan/Projects/minor/minor-degree/rtl/cpu_top.sv Line: 111
Info (276014): Found 2 instances of uninferred RAM logic
    Info (276007): RAM logic "dmem:u_dmem|mem" is uninferred due to asynchronous read logic File: /home/ishaan/Projects/minor/minor-degree/rtl/dmem.sv Line: 11
    Info (276007): RAM logic "regfile:u_regfile|regfile" is uninferred due to asynchronous read logic File: /home/ishaan/Projects/minor/minor-degree/rtl/reg_file.sv Line: 12
Info (286030): Timing-Driven Synthesis is running
Info (16010): Generating hard_block partition "hard_block:auto_generated_inst"
    Info (16011): Adding 0 node(s), including 0 DDIO, 0 PLL, 0 transceiver and 0 LCELL
Info (21057): Implemented 6274 device resources after synthesis - the final resource count might be different
    Info (21058): Implemented 18 input pins
    Info (21059): Implemented 16 output pins
    Info (21061): Implemented 6240 logic cells
Info: Quartus Prime Analysis & Synthesis was successful. 0 errors, 4 warnings
    Info: Peak virtual memory: 597 megabytes
    Info: Processing ended: Fri Sep 25 19:07:34 2026
    Info: Elapsed time: 00:00:11
    Info: Total CPU time (on all processors): 00:00:24


